21:11:34 [content] Syncing content
21:11:34 [content] Synced content
21:11:34 [types] Generated 367ms
21:11:34 [build] output: "static"
21:11:34 [build] mode: "static"
21:11:34 [build] directory: G:\ALL Projects\Aesthetic-Engine-Website\.worktrees\portfolio-redesign\dist\
21:11:34 [build] Collecting build info...
21:11:34 [build] ✓ Completed in 487ms.
21:11:34 [build] Building static entrypoints...
21:11:35 [vite] ✓ built in 1.28s
21:11:35 [build] ✓ Completed in 1.30s.

 building client (vite) 
21:11:35 [vite] transforming...
21:11:36 [vite] ✓ 18 modules transformed.
21:11:36 [vite] rendering chunks...
21:11:36 [vite] computing gzip size...
21:11:36 [vite] dist/_astro/ec.0vx5m.js                                                              2.52 kB
21:11:36 [vite] dist/_astro/ec.xkdst.css                                                            17.98 kB │ gzip:  3.98 kB
21:11:36 [vite] dist/_astro/MobileTableOfContents.astro_astro_type_script_index_0_lang.hwBsy0Mo.js   0.67 kB │ gzip:  0.40 kB
21:11:36 [vite] dist/_astro/TableOfContents.astro_astro_type_script_index_0_lang.FuRcXuRY.js         2.06 kB │ gzip:  0.97 kB
21:11:36 [vite] dist/_astro/page.B1D-nYk3.js                                                         2.24 kB │ gzip:  1.01 kB
21:11:36 [vite] dist/_astro/Search.astro_astro_type_script_index_0_lang.cjYDvRdi.js                  2.69 kB │ gzip:  1.38 kB
21:11:36 [vite] dist/_astro/ui-core.D_Lfcn_I.js                                                     72.93 kB │ gzip: 22.86 kB
21:11:36 [vite] ✓ built in 135ms

 generating static routes 
21:11:36 ▶ src/pages/404.astro
21:11:36   └─ /404.html (+6ms) 
21:11:36 ▶ src/pages/about.astro
21:11:36   └─ /about/index.html (+1ms) 
21:11:36 ▶ src/pages/experiments.astro
21:11:36   └─ /experiments/index.html (+5ms) 
21:11:36 ▶ src/pages/games/a-household-exorcism.astro
21:11:36   └─ /games/a-household-exorcism/index.html (+2ms) 
21:11:36 ▶ src/pages/games/game-torch.astro
21:11:36   └─ /games/game-torch/index.html (+1ms) 
21:11:36 ▶ src/pages/games/index.astro
21:11:36   └─ /games/index.html (+1ms) 
21:11:36 ▶ src/pages/harness.astro
21:11:36   └─ /harness/index.html (+1ms) 
21:11:36 ▶ src/pages/index.astro
21:11:36   └─ /index.html (+1ms) 
21:11:36 ▶ /[...slug]
21:11:36   ├─ /downloads/index.html (+30ms) 
21:11:36   ├─ /philosophy/index.html (+6ms) 
21:11:36   ├─ /docs/installation/index.html (+15ms) 
21:11:36   ├─ /docs/quickstart/index.html (+14ms) 
21:11:36   ├─ /docs/api-reference/index.html (+6ms) 
21:11:36   ├─ /ecosystem/builder/index.html (+7ms) 
21:11:36   ├─ /ecosystem/grb/index.html (+5ms) 
21:11:36   └─ /ecosystem/index.html (+5ms) 
21:11:36 ✓ Completed in 170ms.

21:11:36 [starlight:pagefind] Building search index with Pagefind...
21:11:36 [starlight:pagefind] Found 16 HTML files.
21:11:36 [starlight:pagefind] Finished building search index in 87ms.
21:11:36 [@astrojs/sitemap] `sitemap-index.xml` created at `dist`
21:11:36 [build] 16 page(s) built in 2.23s
21:11:36 [build] Complete!
